******************************************************************************
               TMS320C6x Linker PC v6.1.5                      
******************************************************************************
>> Linked Mon Feb 16 14:20:59 2009

OUTPUT FILE NAME:   <./Debug/AxumFX1.out>
ENTRY POINT SYMBOL: "_c_int00"  address: 1000b740


MEMORY CONFIGURATION

         name            origin    length      used     unused   attr    fill
----------------------  --------  ---------  --------  --------  ----  --------
  Reserved_Bootloader   10000000   00001000  00000000  00001000  RWIX
  Reserved_DSPBios      10001000   00000b00  00000000  00000b00  RWIX
  Reserved_FastRTS      10001b00   00000100  00000000  00000100  RWIX
  IRAM                  10001c00   0003e400  0000b04d  000333b3  RWIX


SECTION ALLOCATION MAP

 output                                  attributes/
section   page    origin      length       input sections
--------  ----  ----------  ----------   ----------------
.vers      0    00000000    0000003c     COPY SECTION
                  00000000    0000003c     AxumFX1cfg.obj (.vers)

.prd       0    10001c00    00000000     UNINITIALIZED

.bios      0    10001c00    000038e0     
                  10001c00    00000600     lnkrtdx.a67P : rtdx.o67P (.bios)
                  10002200    000004e0     bios.a67P : swi.o67P (.bios)
                  100026e0    000004c0               : hwi_disp_asm.o67P (.bios)
                  10002ba0    000003a0               : prd.o67P (.bios)
                  10002f40    000002c0               : knl_run.o67P (.bios)
                  10003200    000002c0               : rta.o67P (.bios)
                  100034c0    000002a0               : sem_pend.o67P (.bios)
                  10003760    00000240               : knl_tick.o67P (.bios)
                  100039a0    00000240               : pip.o67P (.bios)
                  10003be0    00000200               : sem_dopo.o67P (.bios)
                  10003de0    00000200               : tsk_setu.o67P (.bios)
                  10003fe0    000001c0     biosDA700.a67P : clk.o67P (.bios)
                  100041a0    000001a0     bios.a67P : knl_swit.o67P (.bios)
                  10004340    00000180               : autoinit.o67P (.bios)
                  100044c0    00000180               : tsk_exit.o67P (.bios)
                  10004640    00000180               : tsk_stup.o67P (.bios)
                  100047c0    00000120               : knl_chec.o67P (.bios)
                  100048e0    000000e0               : knl_exit.o67P (.bios)
                  100049c0    000000e0               : sem_post_asm.o67P (.bios)
                  10004aa0    000000e0     biosDA700.a67P : clk_meas.o67P (.bios)
                  10004b80    000000c0     bios.a67P : knl_ipos.o67P (.bios)
                  10004c40    000000c0               : knl_post.o67P (.bios)
                  10004d00    000000c0               : lck.o67P (.bios)
                  10004dc0    000000c0               : sem_post.o67P (.bios)
                  10004e80    000000c0               : sys_exit.o67P (.bios)
                  10004f40    00000080               : fxn.o67P (.bios)
                  10004fc0    00000080               : idl_busy.o67P (.bios)
                  10005040    00000080               : log.o67P (.bios)
                  100050c0    00000080               : sts.o67P (.bios)
                  10005140    00000080     biosDA700.a67P : idl_cal.o67P (.bios)
                  100051c0    00000060     bios.a67P : hwi_c.o67P (.bios)
                  10005220    00000060               : sem_pend_counting.o67P (.bios)
                  10005280    00000060               : sys_abor.o67P (.bios)
                  100052e0    00000060               : utl_putc.o67P (.bios)
                  10005340    00000040               : idl_stub.o67P (.bios)
                  10005380    00000040               : rta_andn.o67P (.bios)
                  100053c0    00000040               : utl_doab.o67P (.bios)
                  10005400    00000020               : fxn_c.o67P (.bios)
                  10005420    00000020               : gbl_vers.o67P (.bios)
                  10005440    00000020               : idl.o67P (.bios)
                  10005460    00000020               : sts_set.o67P (.bios)
                  10005480    00000020               : utl_doer.o67P (.bios)
                  100054a0    00000020               : utl_halt.o67P (.bios)
                  100054c0    00000020     biosDA700.a67P : clk_gethtime.o67P (.bios)

.data      0    10001c00    00000000     UNINITIALIZED

.const     0    100054e0    00001fa1     
                  100054e0    00000f9c     c672xSystemPatchV2_00_00.lib : pdspFirmware_p0.pdsp.obj (.const)
                  1000647c    00000f9c                                  : pdspFirmware_p1.pdsp.obj (.const)
                  10007418    00000023     bios.a67P : utl_doab.o67P (.const)
                  1000743b    00000022               : tsk_stup.o67P (.const)
                  1000745d    00000022               : utl_doer.o67P (.const)
                  1000747f    00000001     --HOLE-- [fill = 0]
                  10007480    00000001               : tsk.o67P (.const)

.printf    0    10007481    0000003f     COPY SECTION
                  10007481    0000003f     AxumFX1cfg.obj (.printf)

.log       0    10007484    00000018     
                  10007484    00000018     AxumFX1cfg.obj (.log)

.args      0    1000749c    00000004     
                  1000749c    00000004     --HOLE-- [fill = 0]

.text      0    100074a0    00001700     
                  100074a0    00000ec0     AxumCore.obj (.text)
                  10008360    00000300     c672xSystemPatchV2_00_00.lib : patch.obj (.text)
                  10008660    00000200     rts67plus.lib : memcpy62.obj (.text:_memcpy)
                  10008860    00000120                   : sinit.obj (.text:_call_dtors)
                  10008980    000000e0                   : atexit.obj (.text:_atexit)
                  10008a60    000000a0                   : fixfu.obj (.text:__fixfu)
                  10008b00    00000040                   : sinit.obj (.text:___add_dtor)
                  10008b40    00000020                   : _lock.obj (.text:__nop)
                  10008b60    00000020                   : _lock.obj (.text:__register_lock)
                  10008b80    00000020                   : _lock.obj (.text:__register_unlock)

.rtdx_text 
*          0    10008ba0    00000ea0     
                  10008ba0    00000400     rtdx.lib : rtdx_mon.o62 (.rtdx_text:_RTDX_Poll)
                  10008fa0    00000340              : buffer1.o62 (.rtdx_text:_RTDX_Buffer_WriteCB)
                  100092e0    00000300              : buffer1.o62 (.rtdx_text:_RTDX_write_next)
                  100095e0    00000140              : rtdx_mon.o62 (.rtdx_text:_RTDX_Mon_Queue)
                  10009720    000000e0              : buffer1.o62 (.rtdx_text:_claim)
                  10009800    00000080              : rtdx_mon.o62 (.rtdx_text:_RTDX_Init_RT_Monitor)
                  10009880    00000060              : buffer1.o62 (.rtdx_text:_RTDX_Buffer_Initialize)
                  100098e0    00000060              : buffer2.o62 (.rtdx_text:_RTDX_Buffer_ReadCB)
                  10009940    00000040              : buffer1.o62 (.rtdx_text:_RTDX_Buffer_Size)
                  10009980    00000040              : rtdx_mon.o62 (.rtdx_text:_RTDX_Final_RT_Monitor)
                  100099c0    00000020              : buffer2.o62 (.rtdx_text:_RTDX_Buffer_Read)
                  100099e0    00000020              : buffer1.o62 (.rtdx_text:_RTDX_Buffer_Write)
                  10009a00    00000020              : rtdx_mon.o62 (.rtdx_text:_RTDX_checksum)
                  10009a20    00000020              : intr_tgt.o62 (.rtdx_text)

.cinit     0    10009a40    00000d3c     
                  10009a40    00000564     AxumFX1cfg.obj (.cinit)
                  10009fa4    00000004     --HOLE-- [fill = 0]
                  10009fa8    0000026c     bios.a67P : biosdata.o67P (.cinit)
                  1000a214    00000004     --HOLE-- [fill = 0]
                  1000a218    000001a4               : knl.o67P (.cinit)
                  1000a3bc    00000004     --HOLE-- [fill = 0]
                  1000a3c0    000000b0               : swi.o67P (.cinit)
                  1000a470    00000070               : tsk.o67P (.cinit)
                  1000a4e0    0000005c     lnkrtdx.a67P : rtdx.o67P (.cinit)
                  1000a53c    00000004     --HOLE-- [fill = 0]
                  1000a540    0000004c     bios.a67P : rta.o67P (.cinit)
                  1000a58c    00000004     --HOLE-- [fill = 0]
                  1000a590    0000004c     rtdx.lib : buffer1.o62 (.cinit)
                  1000a5dc    00000004     --HOLE-- [fill = 0]
                  1000a5e0    00000034     bios.a67P : hwi.o67P (.cinit)
                  1000a614    00000004     --HOLE-- [fill = 0]
                  1000a618    00000030               : tsk_stup.o67P (.cinit)
                  1000a648    0000002c               : utl_putc.o67P (.cinit)
                  1000a674    00000004     --HOLE-- [fill = 0]
                  1000a678    0000002c     rts67plus.lib : exit.obj (.cinit)
                  1000a6a4    00000004     --HOLE-- [fill = 0]
                  1000a6a8    00000024     bios.a67P : obj_init.o67P (.cinit)
                  1000a6cc    00000004     --HOLE-- [fill = 0]
                  1000a6d0    0000001c               : sys.o67P (.cinit)
                  1000a6ec    00000004     --HOLE-- [fill = 0]
                  1000a6f0    0000001c     rts67plus.lib : _lock.obj (.cinit)
                  1000a70c    00000004     --HOLE-- [fill = 0]
                  1000a710    0000001c                   : atexit.obj (.cinit)
                  1000a72c    00000004     --HOLE-- [fill = 0]
                  1000a730    00000018     bios.a67P : knl_tick.o67P (.cinit)
                  1000a748    0000000c               : idl_busy.o67P (.cinit)
                  1000a754    00000004     --HOLE-- [fill = 0]
                  1000a758    0000000c               : knl_swit.o67P (.cinit)
                  1000a764    00000004     --HOLE-- [fill = 0]
                  1000a768    0000000c     rts67plus.lib : sinit.obj (.cinit)
                  1000a774    00000004     --HOLE-- [fill = 0]
                  1000a778    00000004     (.pad.cinit) [fill = 0]

.far       0    1000a77c    0000088c     UNINITIALIZED
                  1000a77c    00000500     AxumCore.obj (.far)
                  1000ac7c    00000188     rts67plus.lib : atexit.obj (.far)
                  1000ae04    000000d8     bios.a67P : knl.o67P (.far)
                  1000aedc    0000005c               : tsk.o67P (.far)
                  1000af38    00000054               : obj_init.o67P (.far)
                  1000af8c    00000028               : tsk_stup.o67P (.far)
                  1000afb4    00000020               : sys.o67P (.far)
                  1000afd4    00000010               : knl_tick.o67P (.far)
                  1000afe4    0000000c               : utl_putc.o67P (.far)
                  1000aff0    0000000c     rts67plus.lib : exit.obj (.far)
                  1000affc    00000008                   : _lock.obj (.far)
                  1000b004    00000004                   : sinit.obj (.far)

.rtdx_data 
*          0    1000b008    0000044c     UNINITIALIZED
                  1000b008    00000410     AxumFX1cfg.obj (.rtdx_data)
                  1000b418    00000020     rtdx.lib : buffer1.o62 (.rtdx_data)
                  1000b438    0000001c              : rtdx_mon.o62 (.rtdx_data)

.trcdata   0    1000b454    0000000c     
                  1000b454    0000000c     bios.a67P : trc.o67P (.trcdata)

.sysinit   0    1000b460    00000440     
                  1000b460    000002e0     AxumFX1cfg.obj (.sysinit)
                  1000b740    000000c0     bios.a67P : boot.o67P (.sysinit)
                  1000b800    00000080               : tsk_init.o67P (.sysinit)
                  1000b880    00000020               : obj_init.o67P (.sysinit)

.TSK_idle$stk 
*          0    1000b8a0    00000400     UNINITIALIZED
                  1000b8a0    00000400     AxumFX1cfg.obj (.TSK_idle$stk)

.stack     0    1000bca0    00000400     UNINITIALIZED
                  1000bca0    00000400     --HOLE--

.bss       0    1000c0a0    0000032c     UNINITIALIZED
                  1000c0a0    00000100     bios.a67P : hwi_disp_asm.o67P (.bss)
                  1000c1a0    000000cc               : biosdata.o67P (.bss)
                  1000c26c    0000009c               : swi.o67P (.bss)
                  1000c308    00000048               : knl.o67P (.bss)
                  1000c350    00000018     AxumFX1cfg.obj (.bss)
                  1000c368    00000018     bios.a67P : hwi.o67P (.bss)
                  1000c380    00000018     lnkrtdx.a67P : rtdx.o67P (.bss)
                  1000c398    00000010     rtdx.lib : buffer1.o62 (.bss)
                  1000c3a8    0000000c     bios.a67P : tsk.o67P (.bss)
                  1000c3b4    00000008               : clk_data.o67P (.bss)
                  1000c3bc    00000008               : sys.o67P (.bss)
                  1000c3c4    00000004               : clk_data2.o67P (.bss)
                  1000c3c8    00000004               : idl_busy.o67P (.bss)

.sts       0    1000c3cc    00000030     
                  1000c3cc    00000030     AxumFX1cfg.obj (.sts)

.hwi_vec   0    1000c400    00000200     
                  1000c400    00000200     AxumFX1cfg.obj (.hwi_vec)

.trace     0    1000c600    00000200     
                  1000c600    00000200     --HOLE-- [fill = 00000000]

.LOG_system$buf 
*          0    1000c800    00000100     UNINITIALIZED
                  1000c800    00000100     AxumFX1cfg.obj (.LOG_system$buf)

.hst0      0    1000c900    00000100     UNINITIALIZED
                  1000c900    00000100     AxumFX1cfg.obj (.hst0)

.pip       0    1000ca00    000000c8     UNINITIALIZED
                  1000ca00    000000c8     AxumFX1cfg.obj (.pip)

.tsk       0    1000cac8    00000060     UNINITIALIZED
                  1000cac8    00000060     AxumFX1cfg.obj (.tsk)

.gblinit   0    1000cb28    00000040     
                  1000cb28    00000040     AxumFX1cfg.obj (.gblinit)

.hst       0    1000cb68    0000003c     UNINITIALIZED
                  1000cb68    0000003c     AxumFX1cfg.obj (.hst)

.swi       0    1000cba4    0000002c     UNINITIALIZED
                  1000cba4    0000002c     AxumFX1cfg.obj (.swi)

.switch    0    1000cbd0    00000028     
                  1000cbd0    00000028     rtdx.lib : rtdx_mon.o62 (.switch)

.idl       0    1000cbf8    00000020     UNINITIALIZED
                  1000cbf8    00000010     AxumFX1cfg.obj (.idl)
                  1000cc08    00000010     AxumFX1cfg.obj (.idlcal)

.pinit     0    1000cc18    00000014     
                  1000cc18    00000004     applySystemPatch.obj (.pinit)
                  1000cc1c    00000004     rtdx.lib : buffer1.o62 (.pinit)
                  1000cc20    00000004              : rtdx_mon.o62 (.pinit)
                  1000cc24    00000004     --HOLE-- [fill = 0]
                  1000cc28    00000004     (.pad.pinit) [fill = 0]

.hst1      0    1000cc2c    00000010     UNINITIALIZED
                  1000cc2c    00000010     AxumFX1cfg.obj (.hst1)

.sys       0    1000cc3c    00000010     UNINITIALIZED
                  1000cc3c    00000010     AxumFX1cfg.obj (.sys)

.clk       0    1000cc4c    00000008     UNINITIALIZED
                  1000cc4c    00000008     AxumFX1cfg.obj (.clk)


GLOBAL SYMBOLS: SORTED ALPHABETICALLY BY Name 

address    name
--------   ----
1000c0a0   $bss
1000c0a0   .bss
10001c00   .data
100074a0   .text
1000b590   BIOS$$CLKOFF
1000b550   BIOS$$CLKON
1000b460   BIOS_init
1000b5f8   BIOS_start
00000000   BUF$
00000001   BUF_ENABLED
00000001   CLK$
1000cc4c   CLK_A_TABBEG
1000cc54   CLK_A_TABEND
00000002   CLK_A_TABLEN
00000001   CLK_CALDIV
00000004   CLK_CALMULT
00000000   CLK_CONONDEBUG
000155cc   CLK_COUNTSPMS
00000001   CLK_COUNTSPMSHIGH
1000c1c8   CLK_D_idletime
1000c1c4   CLK_D_isrhook
1000c1c0   CLK_D_tabbeg
1000c1bc   CLK_D_timefxn
100054c0   CLK_F_gethtime
10003fe0   CLK_F_getltime
10003ff4   CLK_F_isr
10004154   CLK_F_itime
100026e0   CLK_HOOKFXN
00000001   CLK_HTIMEDIV
00000004   CLK_HTIMEMULT
000155cc   CLK_HTIMEPERLTIME
00000010   CLK_INTBIT
00000001   CLK_LTIMEDIV
00055730   CLK_LTIMEMULT
000003e8   CLK_MICROSECS
10005400   CLK_POSTINITFXN
000155cc   CLK_PRD
00000001   CLK_PRDHIGH
42000010   CLK_REGS
1000c1b8   CLK_R_time
00000000   CLK_STARTBOTH
00000020   CLK_TCR
00000000   CLK_TDDR
00000000   CLK_TDDRHIGH
100054c0   CLK_TIMEFXN
00000000   CLK_TIMERNUM
00000001   CLK_USETIMER
1000cc50   CLK_null
00000000   DEV$
00000000   DGN$
00000000   DHL$
00000000   DHL_gChannelsAvailable
00000000   DIO$
00000000   DIO_NUMSWIBASE
00000000   DIO_NUMTSKBASE
00000000   DIO_STATIC
00000000   DPI$
10004f40   FXN_F_nop
10004f48   FXN_F_run
10004f98   FXN_F_zero
00000001   GBL$
00005204   GBL_A_VERSION
00000000   GBL_BIGENDIAN
00000000   GBL_C641XL2PRIORITY
00000000   GBL_CACHE
00000000   GBL_CALLCSLCFGINIT
00004e20   GBL_CLKIN
000002bc   GBL_CLKTYPE
00001a8f   GBL_DSPSUBTYPE
0000003e   GBL_DSPTYPE
00000001   GBL_ENABLEINST
00000042   GBL_FOOTPRINT
00055730   GBL_FREQ
00002226   GBL_L2ALLOC
00000000   GBL_L2CONFIGALLOC
00000000   GBL_L2CONFIGURE
00000000   GBL_L2MARMASK
00000000   GBL_L2MARMASK1
00000000   GBL_L2MARMASK2
00000000   GBL_L2MARMASK3
00000000   GBL_L2MARMASK4
00000000   GBL_L2MARMASK5
00000007   GBL_L2MODE
00000000   GBL_L2PRIORITY
00000000   GBL_NULL
00000000   GBL_PROCID
00000000   GBL_ROM
00000000   GBL_SUPPORTCSL
0000dbef   GBL_TRCMASKVALUE
00000000   GBL_USERINIT
10005400   GBL_USERINITFXN
00000001   GBL_boot
1000b45c   GBL_initdone
1000bca0   GBL_stackbeg
1000c09f   GBL_stackend
00000000   GIO$
10005400   GIO_CREATEFXN
10005400   GIO_DELETEFXN
10005400   GIO_PENDFXN
10005400   GIO_POSTFXN
00000000   HOOK$
00000000   HOOK_KNLID
00000001   HST$
1000cb68   HST_A_TABBEG
1000cba4   HST_A_TABEND
00000003   HST_A_TABLEN
00000000   HST_DSM
ffffffff   HST_DSMBUFSEG
00000400   HST_DSMMEMSIZE
1000c234   HST_D_chanmask
1000c238   HST_D_tabbeg
1000c23c   HST_D_tabend
000000ff   HST_MAXFRAMEALLOWED
00000040   HST_MAXFRAMESET
00000000   HST_NONE
00000001   HST_RTDX
00000001   HWI$
1000c400   HWI_A_VECS
00000118   HWI_CFGDISPATCHED
1000c378   HWI_D_bss
1000c37c   HWI_D_ccmask
1000c368   HWI_D_spsave
100026e0   HWI_F_dispatch
00000000   HWI_GENERATE_RESET_VEC
0000000a   HWI_INT10
00000000   HWI_INT10$hwi
0000000b   HWI_INT11
00000000   HWI_INT11$hwi
0000000c   HWI_INT12
00000000   HWI_INT12$hwi
0000000d   HWI_INT13
00000000   HWI_INT13$hwi
0000000e   HWI_INT14
00000000   HWI_INT14$hwi
0000000f   HWI_INT15
00000000   HWI_INT15$hwi
00000004   HWI_INT4
00000000   HWI_INT4$hwi
00000005   HWI_INT5
00000000   HWI_INT5$hwi
00000006   HWI_INT6
00000000   HWI_INT6$hwi
00000007   HWI_INT7
00000000   HWI_INT7$hwi
00000008   HWI_INT8
00000000   HWI_INT8$hwi
00000009   HWI_INT9
00000000   HWI_INT9$hwi
00000000   HWI_INTRMULTHIGH
00000000   HWI_INTRMULTLOW
00000001   HWI_NMI
00000000   HWI_NMI$hwi
00000000   HWI_POLARITYMASK
00000002   HWI_RESERVED0
00000000   HWI_RESERVED0$hwi
00000003   HWI_RESERVED1
00000000   HWI_RESERVED1$hwi
00000000   HWI_RESET
00000000   HWI_RESET$hwi
00000000   HWI_ZEROTAB
00000001   IDL$
1000cc08   IDL_A_CALBEG
1000cc18   IDL_A_CALEND
00000004   IDL_A_CALLEN
1000cbf8   IDL_A_TABBEG
1000cc08   IDL_A_TABEND
00000004   IDL_A_TABLEN
00000006   IDL_CALIBRERROR
10005340   IDL_CALIBRFXN
1000c3c8   IDL_D_busyObj
1000c1a8   IDL_D_calbeg
1000c1a4   IDL_D_calibrate
1000c1a0   IDL_D_tabbeg
1000cc04   IDL_END
1000cc14   IDL_END$
10004fc0   IDL_F_busy
10005140   IDL_F_calibrate
10005440   IDL_F_loop
10005340   IDL_F_stub
00000001   IDL_USECLKIDLTIME
1000c3f0   IDL_busyObj
100074bb   IDL_busyObj$avgfmt
00000001   IDL_busyObj$filter
00000001   IDL_busyObj$iA
00000000   IDL_busyObj$iB
00000001   IDL_busyObj$iC
100074b5   IDL_busyObj$maxfmt
00000000   IDL_busyObj$operation
1000c3ec   IDL_busyObj$stsobj
100074b8   IDL_busyObj$sumfmt
00000002   IDL_busyObj$unittype
1000cbf8   IDL_cpuLoad
1000cc08   IDL_cpuLoad$
ffffffff   IRAM
00000001   ISRC$
100042f8   KNL_glue
1000cba4   KNL_swi
00000001   KNL_swi$dorta
00000000   KNL_swi$ord
00000000   KNL_swi$pri
1000c3d0   KNL_swi$sts
10007491   KNL_swi$sts$avgfmt
00000002   KNL_swi$sts$filter
00000001   KNL_swi$sts$filtmaxmult
00000001   KNL_swi$sts$filtsummult
10007481   KNL_swi$sts$maxfmt
1000c3cc   KNL_swi$sts$stsobj
10007489   KNL_swi$sts$sumfmt
00000000   KNL_swi$sts$unittype
00000000   KNL_swi$swi
00000001   LCK$
10001c00   LNK_F_checkBufferCall
10001c80   LNK_F_dataPump
10001c20   LNK_F_getChanPtr
10001c78   LNK_F_init
100021bc   LNK_F_readCallBack
1000cbfc   LNK_dataPump
1000cc0c   LNK_dataPump$
1000c384   LNK_dspFrameReadyMask
1000c380   LNK_dspFrameRequestMask
10001f18   LNK_newin
10002058   LNK_newout
10001c94   LNK_rcloop
10001d5c   LNK_rdrtry
1000c38c   LNK_readDone
1000c390   LNK_readFail
1000c388   LNK_readPend
10001d6c   LNK_rrloop
1000c394   LNK_writeFail
10001e40   LNK_wrloop
10001e30   LNK_wrrtry
00000001   LOG$
10007484   LOG_A_TABBEG
1000749c   LOG_A_TABEND
00000001   LOG_A_TABLEN
1000c1ac   LOG_D_system
00000001   LOG_ENABLED
10005040   LOG_F_event
10007484   LOG_system
1000c800   LOG_system$buf
00000000   LOG_system$datatype
00000000   LOG_system$log
00000040   LOG_system$size
00000000   MBX$
00000001   MEM$
00000000   MEM_MALLOCSEG
00000000   MEM_NULL
00000000   MEM_SEGZERO
00000000   MEM_USEMPC
00000000   MEM_gNumHeap
00000000   MSGQ$
00000000   MSGQ_USEMSGQ
00000000   OBJ$
00000000   PIP$
1000ca00   PIP_A_TABBEG
1000cac8   PIP_A_TABEND
00000002   PIP_A_TABLEN
1000c1b0   PIP_D_tabbeg
1000c1b4   PIP_D_tablen
10003a34   PIP_F_give
10003a34   PIP_F_probe
10003b08   PIP_F_start
100039a0   PIP_F_take
00000064   PIP_OBJSIZE
00000000   PIP_gNextId
00000002   PIP_gNumEmbed
00000000   POOL$
00000000   POOL_USEPOOL
00000001   PRD$
10001c00   PRD_A_TABBEG
10001c00   PRD_A_TABEND
00000000   PRD_A_TABLEN
1000c1f0   PRD_D_cur
1000c1f4   PRD_D_elapsed
1000c1f8   PRD_D_prevtim
1000c1fc   PRD_D_scalar
1000c200   PRD_D_swihandle
1000c204   PRD_D_tabbeg
1000c208   PRD_D_tablen
1000c20c   PRD_D_thook
1000c1ec   PRD_D_tick
10002ba0   PRD_F_swi
10002e48   PRD_F_tick
00004000   PRD_SCALAR
00000000   PRD_SWIHANDLE
1000398c   PRD_THOOKFXN
1000cc4c   PRD_clock
00000001   QUE$
1000c210   RTA_D_fromHost
1000c218   RTA_D_logval
1000c228   RTA_D_stsval
1000c214   RTA_D_toHost
10005380   RTA_F_andn
100032f8   RTA_F_dispatch
10003200   RTA_F_getlog
10003244   RTA_F_getsts
100053a0   RTA_F_or
1000328c   RTA_F_readblk
100032b8   RTA_F_resetmem
100032ac   RTA_F_writeword
1000cc00   RTA_dispatcher
1000cc10   RTA_dispatcher$
10003348   RTA_execute
1000cb6c   RTA_fromHost
1000cc2c   RTA_fromHost$buf
00000004   RTA_fromHost$framesize
00000000   RTA_fromHost$hst
00000001   RTA_fromHost$id
00000000   RTA_fromHost$mode
1000ca00   RTA_fromHost$pipe
1000ca30   RTA_fromHost$pipe$aaa
1000ca60   RTA_fromHost$pipe$bbb
1000c350   RTA_fromHost$pipe$dtab
1000ca04   RTA_fromHost$pipe$rd
1000ca34   RTA_fromHost$pipe$wr
1000cb74   RTA_fromHost$rtdx
1000cb88   RTA_toHost
1000c900   RTA_toHost$buf
00000040   RTA_toHost$framesize
00000000   RTA_toHost$hst
00000000   RTA_toHost$id
00000001   RTA_toHost$mode
1000ca64   RTA_toHost$pipe
1000ca94   RTA_toHost$pipe$aaa
1000cac4   RTA_toHost$pipe$bbb
1000c35c   RTA_toHost$pipe$dtab
1000ca68   RTA_toHost$pipe$rd
1000ca98   RTA_toHost$pipe$wr
1000cb90   RTA_toHost$rtdx
00000001   RTDX$
00000408   RTDX_BUFMEMSIZE
ffffffff   RTDX_DATAMEMSEG
00000000   RTDX_MODE
00000001   RTDX_NORMALIZED_HDR
00000001   RTDX_USERTDX
00000000   RTDX_USERTEXECUTION
ffffffff   Reserved_Bootloader
ffffffff   Reserved_DSPBios
ffffffff   Reserved_FastRTS
00000000   SEM$
00000000   SIO$
00000001   STS$
1000c3cc   STS_A_TABBEG
1000c3fc   STS_A_TABEND
00000003   STS_A_TABLEN
100050f8   STS_F_add
100050c0   STS_F_delta
10005124   STS_F_reset
00000001   SWI$
1000cba4   SWI_A_TABBEG
1000cbd0   SWI_A_TABEND
00000001   SWI_A_TABLEN
1000c284   SWI_D_curfxn
1000c274   SWI_D_curmask
1000c280   SWI_D_curmbox
1000c278   SWI_D_curset
1000c270   SWI_D_execaddr
1000c28c   SWI_D_inswi
1000c27c   SWI_D_lock
1000c288   SWI_D_rdybeg
1000c290   SWI_D_rdytab
1000c26c   SWI_D_runaddr
00000000   SWI_EHOOKFXN
100023e8   SWI_EXECFXN
10002200   SWI_F_enable
100023e8   SWI_F_exec
10002410   SWI_F_iexec
10002270   SWI_F_post
10002498   SWI_F_run
00000000   SWI_IHOOKFXN
10002498   SWI_RUNFXN
00000001   SYS$
1000cc3c   SYS$config
100053c0   SYS_ABORTFXN
10005480   SYS_ERRORFXN
100054a0   SYS_EXITFXN
100052e0   SYS_PUTCFXN
1000b458   TRC_R_mask
1000b454   TRC_cinit
00000001   TSK$
1000cac8   TSK_A_TABBEG
1000cb28   TSK_A_TABEND
00000001   TSK_A_TABLEN
00000000   TSK_NUM_HOOKS
00000001   TSK_PRIORITY
00000000   TSK_READYFXN
00000000   TSK_STACKSEG
00000400   TSK_STACKSIZE
00000000   TSK_SWITCHFXN
10005400   TSK_VCREATEFXN
10005400   TSK_VDELETEFXN
10005400   TSK_VEXITFXN
1000cad4   TSK_idle
00000000   TSK_idle$ord
00000000   TSK_idle$pri
1000b8a0   TSK_idle$stack
1000bc38   TSK_idle$stkptr
1000c3e0   TSK_idle$sts
100074ab   TSK_idle$sts$avgfmt
00000002   TSK_idle$sts$filter
00000001   TSK_idle$sts$filtmaxmult
00000001   TSK_idle$sts$filtsummult
1000749b   TSK_idle$sts$maxfmt
1000c3dc   TSK_idle$sts$stsobj
100074a3   TSK_idle$sts$sumfmt
00000000   TSK_idle$sts$unittype
00000000   TSK_idle$tsk
00000000   UDEV$
1000b460   _BIOS_init
1000b5f8   _BIOS_start
000155cc   _CLK_COUNTSPMS
1000c3b4   _CLK_DFLTMICROSECS
1000c1e8   _CLK_D_countspms
1000c1dc   _CLK_D_dirty
1000c3b8   _CLK_D_microseconds
1000c1e0   _CLK_D_prd
1000c1e4   _CLK_D_tddr
10004154   _CLK_F_itime
000155cc   _CLK_PRD
42000010   _CLK_REGS
00000000   _CLK_TDDR
00000000   _CLK_TIMERNUM
00000001   _CLK_USETIMER
100054c0   _CLK_gethtime
1000c1cc   _CLK_htimeDiv
1000c1d0   _CLK_htimeMult
1000c3c4   _CLK_htimePerLtime
10004154   _CLK_itime
1000c1d4   _CLK_ltimeDiv
1000c1d8   _CLK_ltimeMult
10004aa0   _CLK_measure
1000a77c   _DMABuffer_RCV
1000aafc   _DMABuffer_XMIT
100074a0   _Delay_us
10005400   _FXN_F_nop
10004f48   _FXN_F_run
10004f98   _FXN_F_zero
00000000   _GBL_CACHE
1000c244   _GBL_clkIn
1000c248   _GBL_freq
10005420   _GBL_getVersion
1000c240   _GBL_procId
1000cb68   _HST_A_TABBEG
1000cba4   _HST_A_TABEND
00000003   _HST_A_TABLEN
00000118   _HWI_CFGDISPATCHED
1000c374   _HWI_D_inhwi
1000c368   _HWI_D_spsave
100026e0   _HWI_F_dispatch
0000000a   _HWI_INT10
0000000b   _HWI_INT11
0000000c   _HWI_INT12
0000000d   _HWI_INT13
0000000e   _HWI_INT14
0000000f   _HWI_INT15
00000004   _HWI_INT4
00000005   _HWI_INT5
00000006   _HWI_INT6
00000007   _HWI_INT7
00000008   _HWI_INT8
00000009   _HWI_INT9
00000001   _HWI_NMI
00000002   _HWI_RESERVED0
00000003   _HWI_RESERVED1
00000000   _HWI_RESET
1000c098   _HWI_STKBOTTOM
1000bca0   _HWI_STKTOP
1000c368   _HWI_data
100051c0   _HWI_disable
1000c0a0   _HWI_dispatchTab
100051d8   _HWI_enable
100051ec   _HWI_restore
1000c3f0   _IDL_busyObj
1000cbf8   _IDL_cpuLoad
10005440   _IDL_loop
ffffffff   _IRAM
10008244   _ISR_dMAX_TransferComplete
100074ec   _InitializeC6727B_PLL
100076e8   _InitializeMcASP0_dMAX_IRQ
100076e0   _InitializeProcessing
100076b0   _InitializeUHPI
1000c310   _KNL_alarm
100047c0   _KNL_check
1000c334   _KNL_curqueue
1000c324   _KNL_curtask
1000c32c   _KNL_curtime
1000aea4   _KNL_dummy
10004934   _KNL_enter
100048e0   _KNL_exit
1000488c   _KNL_idle
1000c34c   _KNL_idlefxn
1000c318   _KNL_inactive
10004b80   _KNL_ipost
100048b0   _KNL_max
1000c338   _KNL_maxqueue
10004c40   _KNL_post
1000c328   _KNL_prevtask
1000c31c   _KNL_priority
1000ae04   _KNL_queues
10002f40   _KNL_run
100041a0   _KNL_saveIsrFrame
1000c320   _KNL_set
1000c314   _KNL_setpri
1000cba4   _KNL_swi
1000c330   _KNL_swiptr
10004250   _KNL_switch
1000c340   _KNL_tcreatefxn
1000c344   _KNL_tdeletefxn
1000398c   _KNL_tick
1000c348   _KNL_treadyfxn
1000c33c   _KNL_tswitchfxn
1000c308   _KNL_wFlag
1000c30c   _KNL_wList
10004d30   _LCK_pend
10004d00   _LCK_post
1000cbfc   _LNK_dataPump
1000c384   _LNK_dspFrameReadyMask
1000c380   _LNK_dspFrameRequestMask
1000c38c   _LNK_readDone
1000c390   _LNK_readFail
1000c388   _LNK_readPend
1000c394   _LNK_writeFail
10007484   _LOG_A_TABBEG
1000749c   _LOG_A_TABEND
00000001   _LOG_A_TABLEN
1000c1ac   _LOG_D_system
10005040   _LOG_event
10007484   _LOG_system
1000c24c   _MEM_D_NUMSEGMENTS
1000c254   _MEM_D_freelist
1000c258   _MEM_D_lockaddr
1000c250   _MEM_D_memtab
1000c25c   _MEM_D_unlockaddr
00000000   _MEM_memtab
10008224   _McASP0Error
1000b880   _OBJ_init
1000af70   _OBJ_segtab
1000af38   _OBJ_table
1000ca00   _PIP_A_TABBEG
1000cac8   _PIP_A_TABEND
00000002   _PIP_A_TABLEN
1000c1ec   _PRD_D_tick
1000cc4c   _PRD_clock
1000812c   _Processing
1000cc00   _RTA_dispatcher
1000cb6c   _RTA_fromHost
1000cb88   _RTA_toHost
1000b008   _RTDX_Buffer
1000b414   _RTDX_Buffer_End
10009880   _RTDX_Buffer_Initialize
100099c0   _RTDX_Buffer_Read
100098e0   _RTDX_Buffer_ReadCB
10009940   _RTDX_Buffer_Size
1000b410   _RTDX_Buffer_Start
100099e0   _RTDX_Buffer_Write
10008fa0   _RTDX_Buffer_WriteCB
10009980   _RTDX_Final_RT_Monitor
10009800   _RTDX_Init_RT_Monitor
00000002   _RTDX_JTAGONLY
10009a20   _RTDX_Mask_IER
100095e0   _RTDX_Mon_Queue
10008ba0   _RTDX_Poll
00000000   _RTDX_interrupt_mask
1000b424   _RTDX_writing
ffffffff   _Reserved_Bootloader
ffffffff   _Reserved_DSPBios
ffffffff   _Reserved_FastRTS
10005220   _SEM_pend
100034c0   _SEM_pendEnterKnl
100049c0   _SEM_post
100049c0   _SEM_postBinary
10004dc0   _SEM_postEnterKnl
1000c3cc   _STS_A_TABBEG
1000c3fc   _STS_A_TABEND
00000003   _STS_A_TABLEN
100050f8   _STS_add
100050c0   _STS_delta
10005124   _STS_reset
10005460   _STS_set
1000c284   _SWI_D_curfxn
1000c274   _SWI_D_curmask
1000c278   _SWI_D_curset
1000c270   _SWI_D_execaddr
1000c28c   _SWI_D_inswi
1000c27c   _SWI_D_lock
1000c288   _SWI_D_rdybeg
1000c26c   _SWI_D_runaddr
1000c26c   _SWI_data
10002270   _SWI_post
1000c260   _SYS
1000c600   _SYS_PUTCBEG
1000c7ff   _SYS_PUTCEND
10005280   _SYS_abort
10004e80   _SYS_exit
1000afb4   _SYS_exitStack
1000c3bc   _SYS_exitStackPtr
1000c3c0   _SYS_exitStackTop
100054e0   _SarPdspFirmware0
1000647c   _SarPdspFirmware1
1000b458   _TRC_R_mask
1000c3b0   _TSK
1000aedc   _TSK_ATTRS
1000aef8   _TSK_config
100044c0   _TSK_exit
1000cad4   _TSK_idle
1000b800   _TSK_init
1000c3a8   _TSK_nTasks
1000c3ac   _TSK_pid
10003de0   _TSK_setup
10004700   _TSK_startup
1000af18   _TSK_timerSem
100053c0   _UTL_doAbort
10005480   _UTL_doError
100052e0   _UTL_doPutc
100054a0   _UTL_halt
10004170   __CLK_lat1beg
1000419c   __CLK_lat1end
1000c268   __HOOK_NUMHOOKS
1000c264   __HOOK_knlId
100026e0   __HWI_lat1beg
100028b4   __HWI_lat1end
100028b4   __HWI_lat2beg
10002a70   __HWI_lat2end1
100029fc   __HWI_lat2end2
10002a88   __HWI_lat3beg
10002b98   __HWI_lat3end1
10002a2c   __HWI_lat3end2
10004fc0   __IDL_lat1beg
10005010   __IDL_lat1end
1000480c   __KNL_lat1beg
1000488c   __KNL_lat1end
10005040   __LOG_lat1beg
100032b8   __RTA_lat1beg
100032f0   __RTA_lat1end
10003be0   __SEM_dopost
00000400   __STACK_SIZE
1000237c   __SWI_lat1beg
10002428   __SWI_lat1end
1000242c   __SWI_lat2beg
10002494   __SWI_lat2end
10002200   __SWI_lat3beg
1000226c   __SWI_lat3end
1000af8c   __TSK_mutex
1000aff8   ___TI_enable_exit_profile_output
ffffffff   ___TI_pprof_out_hndl
ffffffff   ___TI_prof_data_size
ffffffff   ___TI_prof_data_start
10008b00   ___add_dtor
1000ac7c   ___atexit_func_id__
ffffffff   ___binit__
1000c0a0   ___bss__
ffffffff   ___c_args__
10009a40   ___cinit__
10001c00   ___data__
10001c00   ___edata__
1000c3cc   ___end__
10008ba0   ___etext__
1000cc18   ___pinit__
100074a0   ___text__
10004340   __auto_init
1000aff0   __cleanup_ptr
1000aff4   __dtors_ptr
10008a60   __fixfu
1000affc   __lock
10008b40   __nop
10008b60   __register_lock
10008b80   __register_unlock
1000bca0   __stack
1000b000   __unlock
10008360   _applySystemPatch
10008980   _atexit
1000b740   _c_int00
10008860   _call_dtors
1000b004   _dtors
10007e0c   _main
10008660   _memcpy
1000c3a0   _rtdxNullChanCnt
1000c3a4   _rtdxNullFuncCnt
1000b418   _rtdx_buffer_state
1000b438   _rtdx_mon_state
ffffffff   binit
10009a40   cinit
10001c00   edata
1000c3cc   end
10008ba0   etext
1000c400   hwi0
1000c420   hwi1
1000c540   hwi10
1000c560   hwi11
1000c580   hwi12
1000c5a0   hwi13
1000c5c0   hwi14
1000c5e0   hwi15
1000c440   hwi2
1000c460   hwi3
1000c480   hwi4
1000c4a0   hwi5
1000c4c0   hwi6
1000c4e0   hwi7
1000c500   hwi8
1000c520   hwi9
1000cc18   pinit


GLOBAL SYMBOLS: SORTED BY Symbol Address 

address    name
--------   ----
00000000   BUF$
00000000   CLK_CONONDEBUG
00000000   CLK_STARTBOTH
00000000   CLK_TDDR
00000000   CLK_TDDRHIGH
00000000   CLK_TIMERNUM
00000000   DEV$
00000000   DGN$
00000000   DHL$
00000000   DHL_gChannelsAvailable
00000000   DIO$
00000000   DIO_NUMSWIBASE
00000000   DIO_NUMTSKBASE
00000000   DIO_STATIC
00000000   DPI$
00000000   GBL_BIGENDIAN
00000000   GBL_C641XL2PRIORITY
00000000   GBL_CACHE
00000000   GBL_CALLCSLCFGINIT
00000000   GBL_L2CONFIGALLOC
00000000   GBL_L2CONFIGURE
00000000   GBL_L2MARMASK
00000000   GBL_L2MARMASK1
00000000   GBL_L2MARMASK2
00000000   GBL_L2MARMASK3
00000000   GBL_L2MARMASK4
00000000   GBL_L2MARMASK5
00000000   GBL_L2PRIORITY
00000000   GBL_NULL
00000000   GBL_PROCID
00000000   GBL_ROM
00000000   GBL_SUPPORTCSL
00000000   GBL_USERINIT
00000000   GIO$
00000000   HOOK$
00000000   HOOK_KNLID
00000000   HST_DSM
00000000   HST_NONE
00000000   HWI_GENERATE_RESET_VEC
00000000   HWI_INT10$hwi
00000000   HWI_INT11$hwi
00000000   HWI_INT12$hwi
00000000   HWI_INT13$hwi
00000000   HWI_INT14$hwi
00000000   HWI_INT15$hwi
00000000   HWI_INT4$hwi
00000000   HWI_INT5$hwi
00000000   HWI_INT6$hwi
00000000   HWI_INT7$hwi
00000000   HWI_INT8$hwi
00000000   HWI_INT9$hwi
00000000   HWI_INTRMULTHIGH
00000000   HWI_INTRMULTLOW
00000000   HWI_NMI$hwi
00000000   HWI_POLARITYMASK
00000000   HWI_RESERVED0$hwi
00000000   HWI_RESERVED1$hwi
00000000   HWI_RESET
00000000   HWI_RESET$hwi
00000000   HWI_ZEROTAB
00000000   IDL_busyObj$iB
00000000   IDL_busyObj$operation
00000000   KNL_swi$ord
00000000   KNL_swi$pri
00000000   KNL_swi$sts$unittype
00000000   KNL_swi$swi
00000000   LOG_system$datatype
00000000   LOG_system$log
00000000   MBX$
00000000   MEM_MALLOCSEG
00000000   MEM_NULL
00000000   MEM_SEGZERO
00000000   MEM_USEMPC
00000000   MEM_gNumHeap
00000000   MSGQ$
00000000   MSGQ_USEMSGQ
00000000   OBJ$
00000000   PIP$
00000000   PIP_gNextId
00000000   POOL$
00000000   POOL_USEPOOL
00000000   PRD_A_TABLEN
00000000   PRD_SWIHANDLE
00000000   RTA_fromHost$hst
00000000   RTA_fromHost$mode
00000000   RTA_toHost$hst
00000000   RTA_toHost$id
00000000   RTDX_MODE
00000000   RTDX_USERTEXECUTION
00000000   SEM$
00000000   SIO$
00000000   SWI_EHOOKFXN
00000000   SWI_IHOOKFXN
00000000   TSK_NUM_HOOKS
00000000   TSK_READYFXN
00000000   TSK_STACKSEG
00000000   TSK_SWITCHFXN
00000000   TSK_idle$ord
00000000   TSK_idle$pri
00000000   TSK_idle$sts$unittype
00000000   TSK_idle$tsk
00000000   UDEV$
00000000   _CLK_TDDR
00000000   _CLK_TIMERNUM
00000000   _GBL_CACHE
00000000   _HWI_RESET
00000000   _MEM_memtab
00000000   _RTDX_interrupt_mask
00000001   BUF_ENABLED
00000001   CLK$
00000001   CLK_CALDIV
00000001   CLK_COUNTSPMSHIGH
00000001   CLK_HTIMEDIV
00000001   CLK_LTIMEDIV
00000001   CLK_PRDHIGH
00000001   CLK_USETIMER
00000001   GBL$
00000001   GBL_ENABLEINST
00000001   GBL_boot
00000001   HST$
00000001   HST_RTDX
00000001   HWI$
00000001   HWI_NMI
00000001   IDL$
00000001   IDL_USECLKIDLTIME
00000001   IDL_busyObj$filter
00000001   IDL_busyObj$iA
00000001   IDL_busyObj$iC
00000001   ISRC$
00000001   KNL_swi$dorta
00000001   KNL_swi$sts$filtmaxmult
00000001   KNL_swi$sts$filtsummult
00000001   LCK$
00000001   LOG$
00000001   LOG_A_TABLEN
00000001   LOG_ENABLED
00000001   MEM$
00000001   PRD$
00000001   QUE$
00000001   RTA_fromHost$id
00000001   RTA_toHost$mode
00000001   RTDX$
00000001   RTDX_NORMALIZED_HDR
00000001   RTDX_USERTDX
00000001   STS$
00000001   SWI$
00000001   SWI_A_TABLEN
00000001   SYS$
00000001   TSK$
00000001   TSK_A_TABLEN
00000001   TSK_PRIORITY
00000001   TSK_idle$sts$filtmaxmult
00000001   TSK_idle$sts$filtsummult
00000001   _CLK_USETIMER
00000001   _HWI_NMI
00000001   _LOG_A_TABLEN
00000002   CLK_A_TABLEN
00000002   HWI_RESERVED0
00000002   IDL_busyObj$unittype
00000002   KNL_swi$sts$filter
00000002   PIP_A_TABLEN
00000002   PIP_gNumEmbed
00000002   TSK_idle$sts$filter
00000002   _HWI_RESERVED0
00000002   _PIP_A_TABLEN
00000002   _RTDX_JTAGONLY
00000003   HST_A_TABLEN
00000003   HWI_RESERVED1
00000003   STS_A_TABLEN
00000003   _HST_A_TABLEN
00000003   _HWI_RESERVED1
00000003   _STS_A_TABLEN
00000004   CLK_CALMULT
00000004   CLK_HTIMEMULT
00000004   HWI_INT4
00000004   IDL_A_CALLEN
00000004   IDL_A_TABLEN
00000004   RTA_fromHost$framesize
00000004   _HWI_INT4
00000005   HWI_INT5
00000005   _HWI_INT5
00000006   HWI_INT6
00000006   IDL_CALIBRERROR
00000006   _HWI_INT6
00000007   GBL_L2MODE
00000007   HWI_INT7
00000007   _HWI_INT7
00000008   HWI_INT8
00000008   _HWI_INT8
00000009   HWI_INT9
00000009   _HWI_INT9
0000000a   HWI_INT10
0000000a   _HWI_INT10
0000000b   HWI_INT11
0000000b   _HWI_INT11
0000000c   HWI_INT12
0000000c   _HWI_INT12
0000000d   HWI_INT13
0000000d   _HWI_INT13
0000000e   HWI_INT14
0000000e   _HWI_INT14
0000000f   HWI_INT15
0000000f   _HWI_INT15
00000010   CLK_INTBIT
00000020   CLK_TCR
0000003e   GBL_DSPTYPE
00000040   HST_MAXFRAMESET
00000040   LOG_system$size
00000040   RTA_toHost$framesize
00000042   GBL_FOOTPRINT
00000064   PIP_OBJSIZE
000000ff   HST_MAXFRAMEALLOWED
00000118   HWI_CFGDISPATCHED
00000118   _HWI_CFGDISPATCHED
000002bc   GBL_CLKTYPE
000003e8   CLK_MICROSECS
00000400   HST_DSMMEMSIZE
00000400   TSK_STACKSIZE
00000400   __STACK_SIZE
00000408   RTDX_BUFMEMSIZE
00001a8f   GBL_DSPSUBTYPE
00002226   GBL_L2ALLOC
00004000   PRD_SCALAR
00004e20   GBL_CLKIN
00005204   GBL_A_VERSION
0000dbef   GBL_TRCMASKVALUE
000155cc   CLK_COUNTSPMS
000155cc   CLK_HTIMEPERLTIME
000155cc   CLK_PRD
000155cc   _CLK_COUNTSPMS
000155cc   _CLK_PRD
00055730   CLK_LTIMEMULT
00055730   GBL_FREQ
10001c00   .data
10001c00   LNK_F_checkBufferCall
10001c00   PRD_A_TABBEG
10001c00   PRD_A_TABEND
10001c00   ___data__
10001c00   ___edata__
10001c00   edata
10001c20   LNK_F_getChanPtr
10001c78   LNK_F_init
10001c80   LNK_F_dataPump
10001c94   LNK_rcloop
10001d5c   LNK_rdrtry
10001d6c   LNK_rrloop
10001e30   LNK_wrrtry
10001e40   LNK_wrloop
10001f18   LNK_newin
10002058   LNK_newout
100021bc   LNK_F_readCallBack
10002200   SWI_F_enable
10002200   __SWI_lat3beg
1000226c   __SWI_lat3end
10002270   SWI_F_post
10002270   _SWI_post
1000237c   __SWI_lat1beg
100023e8   SWI_EXECFXN
100023e8   SWI_F_exec
10002410   SWI_F_iexec
10002428   __SWI_lat1end
1000242c   __SWI_lat2beg
10002494   __SWI_lat2end
10002498   SWI_F_run
10002498   SWI_RUNFXN
100026e0   CLK_HOOKFXN
100026e0   HWI_F_dispatch
100026e0   _HWI_F_dispatch
100026e0   __HWI_lat1beg
100028b4   __HWI_lat1end
100028b4   __HWI_lat2beg
100029fc   __HWI_lat2end2
10002a2c   __HWI_lat3end2
10002a70   __HWI_lat2end1
10002a88   __HWI_lat3beg
10002b98   __HWI_lat3end1
10002ba0   PRD_F_swi
10002e48   PRD_F_tick
10002f40   _KNL_run
10003200   RTA_F_getlog
10003244   RTA_F_getsts
1000328c   RTA_F_readblk
100032ac   RTA_F_writeword
100032b8   RTA_F_resetmem
100032b8   __RTA_lat1beg
100032f0   __RTA_lat1end
100032f8   RTA_F_dispatch
10003348   RTA_execute
100034c0   _SEM_pendEnterKnl
1000398c   PRD_THOOKFXN
1000398c   _KNL_tick
100039a0   PIP_F_take
10003a34   PIP_F_give
10003a34   PIP_F_probe
10003b08   PIP_F_start
10003be0   __SEM_dopost
10003de0   _TSK_setup
10003fe0   CLK_F_getltime
10003ff4   CLK_F_isr
10004154   CLK_F_itime
10004154   _CLK_F_itime
10004154   _CLK_itime
10004170   __CLK_lat1beg
1000419c   __CLK_lat1end
100041a0   _KNL_saveIsrFrame
10004250   _KNL_switch
100042f8   KNL_glue
10004340   __auto_init
100044c0   _TSK_exit
10004700   _TSK_startup
100047c0   _KNL_check
1000480c   __KNL_lat1beg
1000488c   _KNL_idle
1000488c   __KNL_lat1end
100048b0   _KNL_max
100048e0   _KNL_exit
10004934   _KNL_enter
100049c0   _SEM_post
100049c0   _SEM_postBinary
10004aa0   _CLK_measure
10004b80   _KNL_ipost
10004c40   _KNL_post
10004d00   _LCK_post
10004d30   _LCK_pend
10004dc0   _SEM_postEnterKnl
10004e80   _SYS_exit
10004f40   FXN_F_nop
10004f48   FXN_F_run
10004f48   _FXN_F_run
10004f98   FXN_F_zero
10004f98   _FXN_F_zero
10004fc0   IDL_F_busy
10004fc0   __IDL_lat1beg
10005010   __IDL_lat1end
10005040   LOG_F_event
10005040   _LOG_event
10005040   __LOG_lat1beg
100050c0   STS_F_delta
100050c0   _STS_delta
100050f8   STS_F_add
100050f8   _STS_add
10005124   STS_F_reset
10005124   _STS_reset
10005140   IDL_F_calibrate
100051c0   _HWI_disable
100051d8   _HWI_enable
100051ec   _HWI_restore
10005220   _SEM_pend
10005280   _SYS_abort
100052e0   SYS_PUTCFXN
100052e0   _UTL_doPutc
10005340   IDL_CALIBRFXN
10005340   IDL_F_stub
10005380   RTA_F_andn
100053a0   RTA_F_or
100053c0   SYS_ABORTFXN
100053c0   _UTL_doAbort
10005400   CLK_POSTINITFXN
10005400   GBL_USERINITFXN
10005400   GIO_CREATEFXN
10005400   GIO_DELETEFXN
10005400   GIO_PENDFXN
10005400   GIO_POSTFXN
10005400   TSK_VCREATEFXN
10005400   TSK_VDELETEFXN
10005400   TSK_VEXITFXN
10005400   _FXN_F_nop
10005420   _GBL_getVersion
10005440   IDL_F_loop
10005440   _IDL_loop
10005460   _STS_set
10005480   SYS_ERRORFXN
10005480   _UTL_doError
100054a0   SYS_EXITFXN
100054a0   _UTL_halt
100054c0   CLK_F_gethtime
100054c0   CLK_TIMEFXN
100054c0   _CLK_gethtime
100054e0   _SarPdspFirmware0
1000647c   _SarPdspFirmware1
10007481   KNL_swi$sts$maxfmt
10007484   LOG_A_TABBEG
10007484   LOG_system
10007484   _LOG_A_TABBEG
10007484   _LOG_system
10007489   KNL_swi$sts$sumfmt
10007491   KNL_swi$sts$avgfmt
1000749b   TSK_idle$sts$maxfmt
1000749c   LOG_A_TABEND
1000749c   _LOG_A_TABEND
100074a0   .text
100074a0   _Delay_us
100074a0   ___text__
100074a3   TSK_idle$sts$sumfmt
100074ab   TSK_idle$sts$avgfmt
100074b5   IDL_busyObj$maxfmt
100074b8   IDL_busyObj$sumfmt
100074bb   IDL_busyObj$avgfmt
100074ec   _InitializeC6727B_PLL
100076b0   _InitializeUHPI
100076e0   _InitializeProcessing
100076e8   _InitializeMcASP0_dMAX_IRQ
10007e0c   _main
1000812c   _Processing
10008224   _McASP0Error
10008244   _ISR_dMAX_TransferComplete
10008360   _applySystemPatch
10008660   _memcpy
10008860   _call_dtors
10008980   _atexit
10008a60   __fixfu
10008b00   ___add_dtor
10008b40   __nop
10008b60   __register_lock
10008b80   __register_unlock
10008ba0   _RTDX_Poll
10008ba0   ___etext__
10008ba0   etext
10008fa0   _RTDX_Buffer_WriteCB
100095e0   _RTDX_Mon_Queue
10009800   _RTDX_Init_RT_Monitor
10009880   _RTDX_Buffer_Initialize
100098e0   _RTDX_Buffer_ReadCB
10009940   _RTDX_Buffer_Size
10009980   _RTDX_Final_RT_Monitor
100099c0   _RTDX_Buffer_Read
100099e0   _RTDX_Buffer_Write
10009a20   _RTDX_Mask_IER
10009a40   ___cinit__
10009a40   cinit
1000a77c   _DMABuffer_RCV
1000aafc   _DMABuffer_XMIT
1000ac7c   ___atexit_func_id__
1000ae04   _KNL_queues
1000aea4   _KNL_dummy
1000aedc   _TSK_ATTRS
1000aef8   _TSK_config
1000af18   _TSK_timerSem
1000af38   _OBJ_table
1000af70   _OBJ_segtab
1000af8c   __TSK_mutex
1000afb4   _SYS_exitStack
1000aff0   __cleanup_ptr
1000aff4   __dtors_ptr
1000aff8   ___TI_enable_exit_profile_output
1000affc   __lock
1000b000   __unlock
1000b004   _dtors
1000b008   _RTDX_Buffer
1000b410   _RTDX_Buffer_Start
1000b414   _RTDX_Buffer_End
1000b418   _rtdx_buffer_state
1000b424   _RTDX_writing
1000b438   _rtdx_mon_state
1000b454   TRC_cinit
1000b458   TRC_R_mask
1000b458   _TRC_R_mask
1000b45c   GBL_initdone
1000b460   BIOS_init
1000b460   _BIOS_init
1000b550   BIOS$$CLKON
1000b590   BIOS$$CLKOFF
1000b5f8   BIOS_start
1000b5f8   _BIOS_start
1000b740   _c_int00
1000b800   _TSK_init
1000b880   _OBJ_init
1000b8a0   TSK_idle$stack
1000bc38   TSK_idle$stkptr
1000bca0   GBL_stackbeg
1000bca0   _HWI_STKTOP
1000bca0   __stack
1000c098   _HWI_STKBOTTOM
1000c09f   GBL_stackend
1000c0a0   $bss
1000c0a0   .bss
1000c0a0   _HWI_dispatchTab
1000c0a0   ___bss__
1000c1a0   IDL_D_tabbeg
1000c1a4   IDL_D_calibrate
1000c1a8   IDL_D_calbeg
1000c1ac   LOG_D_system
1000c1ac   _LOG_D_system
1000c1b0   PIP_D_tabbeg
1000c1b4   PIP_D_tablen
1000c1b8   CLK_R_time
1000c1bc   CLK_D_timefxn
1000c1c0   CLK_D_tabbeg
1000c1c4   CLK_D_isrhook
1000c1c8   CLK_D_idletime
1000c1cc   _CLK_htimeDiv
1000c1d0   _CLK_htimeMult
1000c1d4   _CLK_ltimeDiv
1000c1d8   _CLK_ltimeMult
1000c1dc   _CLK_D_dirty
1000c1e0   _CLK_D_prd
1000c1e4   _CLK_D_tddr
1000c1e8   _CLK_D_countspms
1000c1ec   PRD_D_tick
1000c1ec   _PRD_D_tick
1000c1f0   PRD_D_cur
1000c1f4   PRD_D_elapsed
1000c1f8   PRD_D_prevtim
1000c1fc   PRD_D_scalar
1000c200   PRD_D_swihandle
1000c204   PRD_D_tabbeg
1000c208   PRD_D_tablen
1000c20c   PRD_D_thook
1000c210   RTA_D_fromHost
1000c214   RTA_D_toHost
1000c218   RTA_D_logval
1000c228   RTA_D_stsval
1000c234   HST_D_chanmask
1000c238   HST_D_tabbeg
1000c23c   HST_D_tabend
1000c240   _GBL_procId
1000c244   _GBL_clkIn
1000c248   _GBL_freq
1000c24c   _MEM_D_NUMSEGMENTS
1000c250   _MEM_D_memtab
1000c254   _MEM_D_freelist
1000c258   _MEM_D_lockaddr
1000c25c   _MEM_D_unlockaddr
1000c260   _SYS
1000c264   __HOOK_knlId
1000c268   __HOOK_NUMHOOKS
1000c26c   SWI_D_runaddr
1000c26c   _SWI_D_runaddr
1000c26c   _SWI_data
1000c270   SWI_D_execaddr
1000c270   _SWI_D_execaddr
1000c274   SWI_D_curmask
1000c274   _SWI_D_curmask
1000c278   SWI_D_curset
1000c278   _SWI_D_curset
1000c27c   SWI_D_lock
1000c27c   _SWI_D_lock
1000c280   SWI_D_curmbox
1000c284   SWI_D_curfxn
1000c284   _SWI_D_curfxn
1000c288   SWI_D_rdybeg
1000c288   _SWI_D_rdybeg
1000c28c   SWI_D_inswi
1000c28c   _SWI_D_inswi
1000c290   SWI_D_rdytab
1000c308   _KNL_wFlag
1000c30c   _KNL_wList
1000c310   _KNL_alarm
1000c314   _KNL_setpri
1000c318   _KNL_inactive
1000c31c   _KNL_priority
1000c320   _KNL_set
1000c324   _KNL_curtask
1000c328   _KNL_prevtask
1000c32c   _KNL_curtime
1000c330   _KNL_swiptr
1000c334   _KNL_curqueue
1000c338   _KNL_maxqueue
1000c33c   _KNL_tswitchfxn
1000c340   _KNL_tcreatefxn
1000c344   _KNL_tdeletefxn
1000c348   _KNL_treadyfxn
1000c34c   _KNL_idlefxn
1000c350   RTA_fromHost$pipe$dtab
1000c35c   RTA_toHost$pipe$dtab
1000c368   HWI_D_spsave
1000c368   _HWI_D_spsave
1000c368   _HWI_data
1000c374   _HWI_D_inhwi
1000c378   HWI_D_bss
1000c37c   HWI_D_ccmask
1000c380   LNK_dspFrameRequestMask
1000c380   _LNK_dspFrameRequestMask
1000c384   LNK_dspFrameReadyMask
1000c384   _LNK_dspFrameReadyMask
1000c388   LNK_readPend
1000c388   _LNK_readPend
1000c38c   LNK_readDone
1000c38c   _LNK_readDone
1000c390   LNK_readFail
1000c390   _LNK_readFail
1000c394   LNK_writeFail
1000c394   _LNK_writeFail
1000c3a0   _rtdxNullChanCnt
1000c3a4   _rtdxNullFuncCnt
1000c3a8   _TSK_nTasks
1000c3ac   _TSK_pid
1000c3b0   _TSK
1000c3b4   _CLK_DFLTMICROSECS
1000c3b8   _CLK_D_microseconds
1000c3bc   _SYS_exitStackPtr
1000c3c0   _SYS_exitStackTop
1000c3c4   _CLK_htimePerLtime
1000c3c8   IDL_D_busyObj
1000c3cc   KNL_swi$sts$stsobj
1000c3cc   STS_A_TABBEG
1000c3cc   _STS_A_TABBEG
1000c3cc   ___end__
1000c3cc   end
1000c3d0   KNL_swi$sts
1000c3dc   TSK_idle$sts$stsobj
1000c3e0   TSK_idle$sts
1000c3ec   IDL_busyObj$stsobj
1000c3f0   IDL_busyObj
1000c3f0   _IDL_busyObj
1000c3fc   STS_A_TABEND
1000c3fc   _STS_A_TABEND
1000c400   HWI_A_VECS
1000c400   hwi0
1000c420   hwi1
1000c440   hwi2
1000c460   hwi3
1000c480   hwi4
1000c4a0   hwi5
1000c4c0   hwi6
1000c4e0   hwi7
1000c500   hwi8
1000c520   hwi9
1000c540   hwi10
1000c560   hwi11
1000c580   hwi12
1000c5a0   hwi13
1000c5c0   hwi14
1000c5e0   hwi15
1000c600   _SYS_PUTCBEG
1000c7ff   _SYS_PUTCEND
1000c800   LOG_system$buf
1000c900   RTA_toHost$buf
1000ca00   PIP_A_TABBEG
1000ca00   RTA_fromHost$pipe
1000ca00   _PIP_A_TABBEG
1000ca04   RTA_fromHost$pipe$rd
1000ca30   RTA_fromHost$pipe$aaa
1000ca34   RTA_fromHost$pipe$wr
1000ca60   RTA_fromHost$pipe$bbb
1000ca64   RTA_toHost$pipe
1000ca68   RTA_toHost$pipe$rd
1000ca94   RTA_toHost$pipe$aaa
1000ca98   RTA_toHost$pipe$wr
1000cac4   RTA_toHost$pipe$bbb
1000cac8   PIP_A_TABEND
1000cac8   TSK_A_TABBEG
1000cac8   _PIP_A_TABEND
1000cad4   TSK_idle
1000cad4   _TSK_idle
1000cb28   TSK_A_TABEND
1000cb68   HST_A_TABBEG
1000cb68   _HST_A_TABBEG
1000cb6c   RTA_fromHost
1000cb6c   _RTA_fromHost
1000cb74   RTA_fromHost$rtdx
1000cb88   RTA_toHost
1000cb88   _RTA_toHost
1000cb90   RTA_toHost$rtdx
1000cba4   HST_A_TABEND
1000cba4   KNL_swi
1000cba4   SWI_A_TABBEG
1000cba4   _HST_A_TABEND
1000cba4   _KNL_swi
1000cbd0   SWI_A_TABEND
1000cbf8   IDL_A_TABBEG
1000cbf8   IDL_cpuLoad
1000cbf8   _IDL_cpuLoad
1000cbfc   LNK_dataPump
1000cbfc   _LNK_dataPump
1000cc00   RTA_dispatcher
1000cc00   _RTA_dispatcher
1000cc04   IDL_END
1000cc08   IDL_A_CALBEG
1000cc08   IDL_A_TABEND
1000cc08   IDL_cpuLoad$
1000cc0c   LNK_dataPump$
1000cc10   RTA_dispatcher$
1000cc14   IDL_END$
1000cc18   IDL_A_CALEND
1000cc18   ___pinit__
1000cc18   pinit
1000cc2c   RTA_fromHost$buf
1000cc3c   SYS$config
1000cc4c   CLK_A_TABBEG
1000cc4c   PRD_clock
1000cc4c   _PRD_clock
1000cc50   CLK_null
1000cc54   CLK_A_TABEND
42000010   CLK_REGS
42000010   _CLK_REGS
ffffffff   HST_DSMBUFSEG
ffffffff   IRAM
ffffffff   RTDX_DATAMEMSEG
ffffffff   Reserved_Bootloader
ffffffff   Reserved_DSPBios
ffffffff   Reserved_FastRTS
ffffffff   _IRAM
ffffffff   _Reserved_Bootloader
ffffffff   _Reserved_DSPBios
ffffffff   _Reserved_FastRTS
ffffffff   ___TI_pprof_out_hndl
ffffffff   ___TI_prof_data_size
ffffffff   ___TI_prof_data_start
ffffffff   ___binit__
ffffffff   ___c_args__
ffffffff   binit

[702 symbols]
